// Jest Snapshot v1, https://goo.gl/fbAQLP

exports[`lib/supafolio/Book should produce a correct book for a Supafolio API response 1`] = `Book {}`;

exports[`lib/supafolio/Book should produce a correct book for a Supafolio API response 2`] = `Book {}`;

exports[`lib/supafolio/Book should produce a correct book for a Supafolio API response 3`] = `Book {}`;

exports[`lib/supafolio/Book should produce a correct book for a Supafolio API response 4`] = `Book {}`;

exports[`lib/supafolio/Book should produce a correct book for a Supafolio API response 5`] = `Book {}`;

exports[`lib/supafolio/Book should produce a correct book for a Supafolio API response 6`] = `Book {}`;

exports[`lib/supafolio/Book should produce a correct book for a Supafolio API response 7`] = `Book {}`;

exports[`lib/supafolio/Book should produce a correct book for a Supafolio API response 8`] = `Book {}`;

exports[`lib/supafolio/Book should produce a correct book for a Supafolio API response 9`] = `Book {}`;

exports[`lib/supafolio/Book should produce a correct book for a Supafolio API response 10`] = `Book {}`;

exports[`lib/supafolio/Book should produce a correct book for a Supafolio API response 11`] = `Book {}`;

exports[`lib/supafolio/Book should produce a correct book for a Supafolio API response 12`] = `Book {}`;

exports[`lib/supafolio/Book should produce a correct book for a Supafolio API response 13`] = `Book {}`;

exports[`lib/supafolio/Book should produce a correct book for a Supafolio API response 14`] = `Book {}`;

exports[`lib/supafolio/Book should produce a correct book for a Supafolio API response 15`] = `Book {}`;

exports[`lib/supafolio/Book should produce a correct book for a Supafolio API response 16`] = `Book {}`;

exports[`lib/supafolio/Book should produce a correct book for a Supafolio API response 17`] = `Book {}`;

exports[`lib/supafolio/Book should produce a correct book for a Supafolio API response 18`] = `Book {}`;

exports[`lib/supafolio/Book should produce a correct book for a Supafolio API response 19`] = `Book {}`;

exports[`lib/supafolio/Book should produce a correct book for a Supafolio API response 20`] = `Book {}`;

exports[`lib/supafolio/Book should produce a correct book for a Supafolio API response 21`] = `Book {}`;

exports[`lib/supafolio/Book should produce a correct book for a Supafolio API response 22`] = `Book {}`;

exports[`lib/supafolio/Book should produce a correct book for a Supafolio API response 23`] = `Book {}`;

exports[`lib/supafolio/Book should produce a correct book for a Supafolio API response 24`] = `Book {}`;

exports[`lib/supafolio/Book should produce a correct book for a Supafolio API response 25`] = `Book {}`;

exports[`lib/supafolio/Book should produce a correct book for a Supafolio API response 26`] = `Book {}`;

exports[`lib/supafolio/Book should produce a correct book for a Supafolio API response 27`] = `Book {}`;

exports[`lib/supafolio/Book should produce a correct book for a Supafolio API response 28`] = `Book {}`;

exports[`lib/supafolio/Book should produce a correct book for a Supafolio API response 29`] = `Book {}`;

exports[`lib/supafolio/Book should produce a correct book for a Supafolio API response 30`] = `Book {}`;

exports[`lib/supafolio/Book should produce a correct book for a Supafolio API response 31`] = `Book {}`;

exports[`lib/supafolio/Book should produce a correct book for a Supafolio API response 32`] = `Book {}`;

exports[`lib/supafolio/Book should produce a correct book for a Supafolio API response 33`] = `Book {}`;

exports[`lib/supafolio/Book should produce a correct book for a Supafolio API response 34`] = `Book {}`;

exports[`lib/supafolio/Book should produce a correct book for a Supafolio API response 35`] = `Book {}`;

exports[`lib/supafolio/Book should produce a correct book for a Supafolio API response 36`] = `Book {}`;

exports[`lib/supafolio/Book should produce a correct book for a Supafolio API response 37`] = `Book {}`;

exports[`lib/supafolio/Book should produce a correct book for a Supafolio API response 38`] = `Book {}`;

exports[`lib/supafolio/Book should produce a correct book for a Supafolio API response 39`] = `Book {}`;

exports[`lib/supafolio/Book should produce a correct book for a Supafolio API response 40`] = `Book {}`;

exports[`lib/supafolio/Book should produce a correct book for a Supafolio API response 41`] = `Book {}`;

exports[`lib/supafolio/Book should produce a correct book for a Supafolio API response 42`] = `Book {}`;

exports[`lib/supafolio/Book should produce a correct book for a Supafolio API response 43`] = `Book {}`;

exports[`lib/supafolio/Book should produce a correct book for a Supafolio API response 44`] = `Book {}`;

exports[`lib/supafolio/Book should produce a correct book for a Supafolio API response 45`] = `Book {}`;

exports[`lib/supafolio/Book should produce a correct book for a Supafolio API response 46`] = `Book {}`;

exports[`lib/supafolio/Book should produce a correct book for a Supafolio API response 47`] = `Book {}`;

exports[`lib/supafolio/Book should produce a correct book for a Supafolio API response 48`] = `Book {}`;

exports[`lib/supafolio/Book should produce a correct book for a Supafolio API response 49`] = `Book {}`;

exports[`lib/supafolio/Book should produce a correct book for a Supafolio API response 50`] = `Book {}`;

exports[`lib/supafolio/Book should produce a correct book for a Supafolio API response 51`] = `Book {}`;

exports[`lib/supafolio/Book should produce a correct book for a Supafolio API response 52`] = `Book {}`;

exports[`lib/supafolio/Book should produce a correct book for a Supafolio API response 53`] = `Book {}`;

exports[`lib/supafolio/Book should produce a correct book for a Supafolio API response 54`] = `Book {}`;

exports[`lib/supafolio/Book should produce a correct book for a Supafolio API response 55`] = `Book {}`;

exports[`lib/supafolio/Book should produce a correct book for a Supafolio API response 56`] = `Book {}`;

exports[`lib/supafolio/Book should produce a correct book for a Supafolio API response 57`] = `Book {}`;

exports[`lib/supafolio/Book should produce a correct book for a Supafolio API response 58`] = `Book {}`;

exports[`lib/supafolio/Book should produce a correct book for a Supafolio API response 59`] = `Book {}`;

exports[`lib/supafolio/Book should produce a correct book for a Supafolio API response 60`] = `Book {}`;

exports[`lib/supafolio/Book should produce a correct book for a Supafolio API response 61`] = `Book {}`;

exports[`lib/supafolio/Book should produce a correct book for a Supafolio API response 62`] = `Book {}`;

exports[`lib/supafolio/Book should produce a correct book for a Supafolio API response 63`] = `Book {}`;

exports[`lib/supafolio/Book should produce a correct book for a Supafolio API response 64`] = `Book {}`;

exports[`lib/supafolio/Book should produce a correct book for a Supafolio API response 65`] = `Book {}`;

exports[`lib/supafolio/Book should produce a correct book for a Supafolio API response 66`] = `Book {}`;

exports[`lib/supafolio/Book should produce a correct book for a Supafolio API response 67`] = `Book {}`;
